// Vitest Snapshot v1, https://vitest.dev/guide/snapshot.html

exports[`Full schedule > Should return NO_LESSON_MESSAGE for each day 1`] = `
"
üõë <b>Monday</b>:

 <b>üéâ –ó–∞–Ω—è—Ç–∏–π –Ω–µ—Ç, –º–æ–∂–Ω–æ –æ—Ç–¥—ã—Ö–∞—Ç—å.</b>

üõë <b>Tuesday</b>:

 <b>üéâ –ó–∞–Ω—è—Ç–∏–π –Ω–µ—Ç, –º–æ–∂–Ω–æ –æ—Ç–¥—ã—Ö–∞—Ç—å.</b>

üõë <b>Wednesday</b>:

 <b>üéâ –ó–∞–Ω—è—Ç–∏–π –Ω–µ—Ç, –º–æ–∂–Ω–æ –æ—Ç–¥—ã—Ö–∞—Ç—å.</b>

üõë <b>Thursday</b>:

 <b>üéâ –ó–∞–Ω—è—Ç–∏–π –Ω–µ—Ç, –º–æ–∂–Ω–æ –æ—Ç–¥—ã—Ö–∞—Ç—å.</b>

üõë <b>Friday</b>:

 <b>üéâ –ó–∞–Ω—è—Ç–∏–π –Ω–µ—Ç, –º–æ–∂–Ω–æ –æ—Ç–¥—ã—Ö–∞—Ç—å.</b>
"
`;

exports[`Full schedule > The function should return the complete schedule for the week 1`] = `
"
üõë <b>Monday</b>:

 ‚è∞ 08:15 - 09:45
–õ–µ–∫—Ü–∏—è:
<b>–û—Ä–≥–∞–Ω–∏–∑–∞—Ü–∏–æ–Ω–Ω–æ–µ —Å–æ–ø—Ä–æ–≤–æ–∂–¥–µ–Ω–∏–µ —Å—Ç–∞—Ä—Ç–∞–ø–∞</b>
–î–µ–≥—Ç—è—Ä—ë–≤–∞ –í.–í.
–õ–ö - 538 

‚è∞ 09:55 - 11:25
–ü—Ä–∞–∫—Ç–∏–∫–∞:
<b>–û—Ä–≥–∞–Ω–∏–∑–∞—Ü–∏–æ–Ω–Ω–æ–µ —Å–æ–ø—Ä–æ–≤–æ–∂–¥–µ–Ω–∏–µ —Å—Ç–∞—Ä—Ç–∞–ø–∞</b>
–î–µ–≥—Ç—è—Ä—ë–≤–∞ –í.–í.
–õ–ö - 538 

‚è∞ 11:35 - 13:05
–õ–µ–∫—Ü–∏—è:
<b>–†–∞–∑—Ä–∞–±–æ—Ç–∫–∞ –±–∏–∑–Ω–µ—Å-–ø–ª–∞–Ω–∞ –∏–Ω–Ω–æ–≤–∞—Ü–∏–æ–Ω–Ω–æ–≥–æ –ø—Ä–æ–µ–∫—Ç–∞</b>
–î–∑—é—Ä–¥–∑—è –û.–ê.
–õ–ö - 407 

‚è∞ 13:45 - 15:15
–ü—Ä–∞–∫—Ç–∏–∫–∞:
<b>–†–∞–∑—Ä–∞–±–æ—Ç–∫–∞ –±–∏–∑–Ω–µ—Å-–ø–ª–∞–Ω–∞ –∏–Ω–Ω–æ–≤–∞—Ü–∏–æ–Ω–Ω–æ–≥–æ –ø—Ä–æ–µ–∫—Ç–∞</b>
–î–∑—é—Ä–¥–∑—è –û.–ê.
–õ–ö - 408

üõë <b>Tuesday</b>:

 ‚è∞ 08:15 - 15:15
–ü—Ä–∞–∫—Ç–∏–∫–∞:
<b>–ü—Ä–æ–µ–∫—Ç–Ω–æ–µ –æ–±—É—á–µ–Ω–∏–µ</b>

üõë <b>Wednesday</b>:

 ‚è∞ 09:55 - 11:25
–õ–µ–∫—Ü–∏—è:
<b>–£–ø—Ä–∞–≤–ª–µ–Ω–∏–µ —Ä–∞–∑–≤–∏—Ç–∏–µ–º –∏–Ω–Ω–æ–≤–∞—Ü–∏–æ–Ω–Ω–æ–≥–æ –ø—Ä–æ–¥—É–∫—Ç–∞</b>
–î–µ–≥—Ç—è—Ä—ë–≤–∞ –í.–í.
–õ–ö - 402 

‚è∞ 11:35 - 13:05
–ü—Ä–∞–∫—Ç–∏–∫–∞:
<b>–£–ø—Ä–∞–≤–ª–µ–Ω–∏–µ —Ä–∞–∑–≤–∏—Ç–∏–µ–º –∏–Ω–Ω–æ–≤–∞—Ü–∏–æ–Ω–Ω–æ–≥–æ –ø—Ä–æ–¥—É–∫—Ç–∞</b>
–î–µ–≥—Ç—è—Ä—ë–≤–∞ –í.–í.
–õ–ö - 402

üõë <b>Thursday</b>:

 ‚è∞ 08:15 - 09:45
–õ–µ–∫—Ü–∏—è:
<b>–ü—Ä–æ–µ–∫—Ç–∏—Ä–æ–≤–∞–Ω–∏–µ –∏–Ω–≤–µ—Å—Ç–∏—Ü–∏–æ–Ω–Ω–æ–≥–æ –º–µ–º–æ—Ä–∞–Ω–¥—É–º–∞</b>
–ë–∏–≥–∞—á–µ–≤–∞ –ï.–ù.
–õ–ö - 407 

‚è∞ 09:55 - 11:25
–ü—Ä–∞–∫—Ç–∏–∫–∞:
<b>–ü—Ä–æ–µ–∫—Ç–∏—Ä–æ–≤–∞–Ω–∏–µ –∏–Ω–≤–µ—Å—Ç–∏—Ü–∏–æ–Ω–Ω–æ–≥–æ –º–µ–º–æ—Ä–∞–Ω–¥—É–º–∞</b>
–ë–∏–≥–∞—á–µ–≤–∞ –ï.–ù.
–õ–ö - 407

üõë <b>Friday</b>:

 ‚è∞ 08:15 - 09:45
–õ–µ–∫—Ü–∏—è:
<b>–£–ø—Ä–∞–≤–ª–µ–Ω–∏–µ —Ä–∏—Å–∫–∞–º–∏ –∏–Ω–Ω–æ–≤–∞—Ü–∏–æ–Ω–Ω–æ–π –¥–µ—è—Ç–µ–ª—å–Ω–æ—Å—Ç–∏</b>
–°–µ—Ä–≥–µ–µ–≤–∞ –ö.–ù.
–õ–ö - 507 

‚è∞ 09:55 - 11:25
–ü—Ä–∞–∫—Ç–∏–∫–∞:
<b>–£–ø—Ä–∞–≤–ª–µ–Ω–∏–µ —Ä–∏—Å–∫–∞–º–∏ –∏–Ω–Ω–æ–≤–∞—Ü–∏–æ–Ω–Ω–æ–π –¥–µ—è—Ç–µ–ª—å–Ω–æ—Å—Ç–∏</b>
–°–µ—Ä–≥–µ–µ–≤–∞ –ö.–ù.
–õ–ö - 507 

‚è∞ 11:35 - 13:05
–ü—Ä–∞–∫—Ç–∏–∫–∞:
<b>–£–ø—Ä–∞–≤–ª–µ–Ω–∏–µ —Ä–∏—Å–∫–∞–º–∏ –∏–Ω–Ω–æ–≤–∞—Ü–∏–æ–Ω–Ω–æ–π –¥–µ—è—Ç–µ–ª—å–Ω–æ—Å—Ç–∏</b>
–°–µ—Ä–≥–µ–µ–≤–∞ –ö.–ù.
–õ–ö - 411
"
`;

exports[`Full schedule > The function should return the complete schedule for the week 2`] = `
"
üõë <b>Monday</b>:

 ‚è∞ 08:15 - 09:45
–õ–µ–∫—Ü–∏—è:
<b>–û—Ä–≥–∞–Ω–∏–∑–∞—Ü–∏–æ–Ω–Ω–æ–µ —Å–æ–ø—Ä–æ–≤–æ–∂–¥–µ–Ω–∏–µ —Å—Ç–∞—Ä—Ç–∞–ø–∞</b>
–î–µ–≥—Ç—è—Ä—ë–≤–∞ –í.–í.
–õ–ö - 538 

‚è∞ 09:55 - 11:25
–ü—Ä–∞–∫—Ç–∏–∫–∞:
<b>–û—Ä–≥–∞–Ω–∏–∑–∞—Ü–∏–æ–Ω–Ω–æ–µ —Å–æ–ø—Ä–æ–≤–æ–∂–¥–µ–Ω–∏–µ —Å—Ç–∞—Ä—Ç–∞–ø–∞</b>
–î–µ–≥—Ç—è—Ä—ë–≤–∞ –í.–í.
–õ–ö - 538 

‚è∞ 11:35 - 13:05
–õ–µ–∫—Ü–∏—è:
<b>–†–∞–∑—Ä–∞–±–æ—Ç–∫–∞ –±–∏–∑–Ω–µ—Å-–ø–ª–∞–Ω–∞ –∏–Ω–Ω–æ–≤–∞—Ü–∏–æ–Ω–Ω–æ–≥–æ –ø—Ä–æ–µ–∫—Ç–∞</b>
–î–∑—é—Ä–¥–∑—è –û.–ê.
–õ–ö - 407

üõë <b>Tuesday</b>:

 ‚è∞ 08:15 - 15:15
–ü—Ä–∞–∫—Ç–∏–∫–∞:
<b>–ü—Ä–æ–µ–∫—Ç–Ω–æ–µ –æ–±—É—á–µ–Ω–∏–µ</b>

üõë <b>Wednesday</b>:

 ‚è∞ 09:55 - 11:25
–õ–µ–∫—Ü–∏—è:
<b>–£–ø—Ä–∞–≤–ª–µ–Ω–∏–µ —Ä–∞–∑–≤–∏—Ç–∏–µ–º –∏–Ω–Ω–æ–≤–∞—Ü–∏–æ–Ω–Ω–æ–≥–æ –ø—Ä–æ–¥—É–∫—Ç–∞</b>
–î–µ–≥—Ç—è—Ä—ë–≤–∞ –í.–í.
–õ–ö - 402 

‚è∞ 11:35 - 13:05
–ü—Ä–∞–∫—Ç–∏–∫–∞:
<b>–£–ø—Ä–∞–≤–ª–µ–Ω–∏–µ —Ä–∞–∑–≤–∏—Ç–∏–µ–º –∏–Ω–Ω–æ–≤–∞—Ü–∏–æ–Ω–Ω–æ–≥–æ –ø—Ä–æ–¥—É–∫—Ç–∞</b>
–î–µ–≥—Ç—è—Ä—ë–≤–∞ –í.–í.
–õ–ö - 402 

‚è∞ 13:45 - 15:15
–ü—Ä–∞–∫—Ç–∏–∫–∞:
<b>–£–ø—Ä–∞–≤–ª–µ–Ω–∏–µ —Ä–∞–∑–≤–∏—Ç–∏–µ–º –∏–Ω–Ω–æ–≤–∞—Ü–∏–æ–Ω–Ω–æ–≥–æ –ø—Ä–æ–¥—É–∫—Ç–∞</b>
–î–µ–≥—Ç—è—Ä—ë–≤–∞ –í.–í.
–õ–ö - 402

üõë <b>Thursday</b>:

 ‚è∞ 08:15 - 09:45
–õ–µ–∫—Ü–∏—è:
<b>–ü—Ä–æ–µ–∫—Ç–∏—Ä–æ–≤–∞–Ω–∏–µ –∏–Ω–≤–µ—Å—Ç–∏—Ü–∏–æ–Ω–Ω–æ–≥–æ –º–µ–º–æ—Ä–∞–Ω–¥—É–º–∞</b>
–ë–∏–≥–∞—á–µ–≤–∞ –ï.–ù.
–õ–ö - 407 

‚è∞ 09:55 - 11:25
–ü—Ä–∞–∫—Ç–∏–∫–∞:
<b>–ü—Ä–æ–µ–∫—Ç–∏—Ä–æ–≤–∞–Ω–∏–µ –∏–Ω–≤–µ—Å—Ç–∏—Ü–∏–æ–Ω–Ω–æ–≥–æ –º–µ–º–æ—Ä–∞–Ω–¥—É–º–∞</b>
–ë–∏–≥–∞—á–µ–≤–∞ –ï.–ù.
–õ–ö - 407 

‚è∞ 11:35 - 13:05
–ü—Ä–∞–∫—Ç–∏–∫–∞:
<b>–†–∞–∑—Ä–∞–±–æ—Ç–∫–∞ –±–∏–∑–Ω–µ—Å-–ø–ª–∞–Ω–∞ –∏–Ω–Ω–æ–≤–∞—Ü–∏–æ–Ω–Ω–æ–≥–æ –ø—Ä–æ–µ–∫—Ç–∞</b>
–î–∑—é—Ä–¥–∑—è –û.–ê.
–õ–ö-402 

‚è∞ 13:45 - 15:15
–ü—Ä–∞–∫—Ç–∏–∫–∞:
<b>–†–∞–∑—Ä–∞–±–æ—Ç–∫–∞ –±–∏–∑–Ω–µ—Å-–ø–ª–∞–Ω–∞ –∏–Ω–Ω–æ–≤–∞—Ü–∏–æ–Ω–Ω–æ–≥–æ –ø—Ä–æ–µ–∫—Ç–∞</b>
–î–∑—é—Ä–¥–∑—è –û.–ê.
–õ–ö-402

üõë <b>Friday</b>:

 ‚è∞ 08:15 - 09:45
–õ–µ–∫—Ü–∏—è:
<b>–£–ø—Ä–∞–≤–ª–µ–Ω–∏–µ —Ä–∏—Å–∫–∞–º–∏ –∏–Ω–Ω–æ–≤–∞—Ü–∏–æ–Ω–Ω–æ–π –¥–µ—è—Ç–µ–ª—å–Ω–æ—Å—Ç–∏</b>
–°–µ—Ä–≥–µ–µ–≤–∞ –ö.–ù.
–õ–ö - 507 

‚è∞ 09:55 - 11:25
–ü—Ä–∞–∫—Ç–∏–∫–∞:
<b>–£–ø—Ä–∞–≤–ª–µ–Ω–∏–µ —Ä–∏—Å–∫–∞–º–∏ –∏–Ω–Ω–æ–≤–∞—Ü–∏–æ–Ω–Ω–æ–π –¥–µ—è—Ç–µ–ª—å–Ω–æ—Å—Ç–∏</b>
–°–µ—Ä–≥–µ–µ–≤–∞ –ö.–ù.
–õ–ö - 507
"
`;

exports[`Full schedule > The function should return the complete schedule for the week 3`] = `
"
üõë <b>Monday</b>:

 ‚è∞ 08:15 - 09:45
–õ–µ–∫—Ü–∏—è:
<b>–û—Ä–≥–∞–Ω–∏–∑–∞—Ü–∏–æ–Ω–Ω–æ–µ —Å–æ–ø—Ä–æ–≤–æ–∂–¥–µ–Ω–∏–µ —Å—Ç–∞—Ä—Ç–∞–ø–∞</b>
–î–µ–≥—Ç—è—Ä—ë–≤–∞ –í.–í.
–õ–ö - 538 

‚è∞ 09:55 - 11:25
–ü—Ä–∞–∫—Ç–∏–∫–∞:
<b>–û—Ä–≥–∞–Ω–∏–∑–∞—Ü–∏–æ–Ω–Ω–æ–µ —Å–æ–ø—Ä–æ–≤–æ–∂–¥–µ–Ω–∏–µ —Å—Ç–∞—Ä—Ç–∞–ø–∞</b>
–î–µ–≥—Ç—è—Ä—ë–≤–∞ –í.–í.
–õ–ö - 538 

‚è∞ 11:35 - 13:05
–õ–µ–∫—Ü–∏—è:
<b>–†–∞–∑—Ä–∞–±–æ—Ç–∫–∞ –±–∏–∑–Ω–µ—Å-–ø–ª–∞–Ω–∞ –∏–Ω–Ω–æ–≤–∞—Ü–∏–æ–Ω–Ω–æ–≥–æ –ø—Ä–æ–µ–∫—Ç–∞</b>
–î–∑—é—Ä–¥–∑—è –û.–ê.
–õ–ö - 407 

‚è∞ 13:45 - 15:15
–ü—Ä–∞–∫—Ç–∏–∫–∞:
<b>–†–∞–∑—Ä–∞–±–æ—Ç–∫–∞ –±–∏–∑–Ω–µ—Å-–ø–ª–∞–Ω–∞ –∏–Ω–Ω–æ–≤–∞—Ü–∏–æ–Ω–Ω–æ–≥–æ –ø—Ä–æ–µ–∫—Ç–∞</b>
–î–∑—é—Ä–¥–∑—è –û.–ê.
–õ–ö - 408

üõë <b>Tuesday</b>:

 ‚è∞ 08:15 - 15:15
–ü—Ä–∞–∫—Ç–∏–∫–∞:
<b>–ü—Ä–æ–µ–∫—Ç–Ω–æ–µ –æ–±—É—á–µ–Ω–∏–µ</b>

üõë <b>Wednesday</b>:

 ‚è∞ 09:55 - 11:25
–õ–µ–∫—Ü–∏—è:
<b>–£–ø—Ä–∞–≤–ª–µ–Ω–∏–µ —Ä–∞–∑–≤–∏—Ç–∏–µ–º –∏–Ω–Ω–æ–≤–∞—Ü–∏–æ–Ω–Ω–æ–≥–æ –ø—Ä–æ–¥—É–∫—Ç–∞</b>
–î–µ–≥—Ç—è—Ä—ë–≤–∞ –í.–í.
–õ–ö - 402 

‚è∞ 11:35 - 13:05
–ü—Ä–∞–∫—Ç–∏–∫–∞:
<b>–£–ø—Ä–∞–≤–ª–µ–Ω–∏–µ —Ä–∞–∑–≤–∏—Ç–∏–µ–º –∏–Ω–Ω–æ–≤–∞—Ü–∏–æ–Ω–Ω–æ–≥–æ –ø—Ä–æ–¥—É–∫—Ç–∞</b>
–î–µ–≥—Ç—è—Ä—ë–≤–∞ –í.–í.
–õ–ö - 402

üõë <b>Thursday</b>:

 ‚è∞ 08:15 - 09:45
–õ–µ–∫—Ü–∏—è:
<b>–ü—Ä–æ–µ–∫—Ç–∏—Ä–æ–≤–∞–Ω–∏–µ –∏–Ω–≤–µ—Å—Ç–∏—Ü–∏–æ–Ω–Ω–æ–≥–æ –º–µ–º–æ—Ä–∞–Ω–¥—É–º–∞</b>
–ë–∏–≥–∞—á–µ–≤–∞ –ï.–ù.
–õ–ö - 407 

‚è∞ 09:55 - 11:25
–ü—Ä–∞–∫—Ç–∏–∫–∞:
<b>–ü—Ä–æ–µ–∫—Ç–∏—Ä–æ–≤–∞–Ω–∏–µ –∏–Ω–≤–µ—Å—Ç–∏—Ü–∏–æ–Ω–Ω–æ–≥–æ –º–µ–º–æ—Ä–∞–Ω–¥—É–º–∞</b>
–ë–∏–≥–∞—á–µ–≤–∞ –ï.–ù.
–õ–ö - 407 

‚è∞ 11:35 - 13:05
–ü—Ä–∞–∫—Ç–∏–∫–∞:
<b>–û—Ä–≥–∞–Ω–∏–∑–∞—Ü–∏–æ–Ω–Ω–æ–µ —Å–æ–ø—Ä–æ–≤–æ–∂–¥–µ–Ω–∏–µ —Å—Ç–∞—Ä—Ç–∞–ø–∞</b>
–î–µ–≥—Ç—è—Ä–µ–≤–∞ –í.–í
–õ–ö-411

üõë <b>Friday</b>:

 ‚è∞ 08:15 - 09:45
–õ–µ–∫—Ü–∏—è:
<b>–£–ø—Ä–∞–≤–ª–µ–Ω–∏–µ —Ä–∏—Å–∫–∞–º–∏ –∏–Ω–Ω–æ–≤–∞—Ü–∏–æ–Ω–Ω–æ–π –¥–µ—è—Ç–µ–ª—å–Ω–æ—Å—Ç–∏</b>
–°–µ—Ä–≥–µ–µ–≤–∞ –ö.–ù.
–õ–ö - 507 

‚è∞ 09:55 - 11:25
–ü—Ä–∞–∫—Ç–∏–∫–∞:
<b>–£–ø—Ä–∞–≤–ª–µ–Ω–∏–µ —Ä–∏—Å–∫–∞–º–∏ –∏–Ω–Ω–æ–≤–∞—Ü–∏–æ–Ω–Ω–æ–π –¥–µ—è—Ç–µ–ª—å–Ω–æ—Å—Ç–∏</b>
–°–µ—Ä–≥–µ–µ–≤–∞ –ö.–ù.
–õ–ö - 507 

‚è∞ 11:35 - 13:05
–ü—Ä–∞–∫—Ç–∏–∫–∞:
<b>–£–ø—Ä–∞–≤–ª–µ–Ω–∏–µ —Ä–∏—Å–∫–∞–º–∏ –∏–Ω–Ω–æ–≤–∞—Ü–∏–æ–Ω–Ω–æ–π –¥–µ—è—Ç–µ–ª—å–Ω–æ—Å—Ç–∏</b>
–°–µ—Ä–≥–µ–µ–≤–∞ –ö.–ù.
–õ–ö - 411
"
`;

exports[`Full schedule > The function should return the complete schedule for the week 4`] = `
"
üõë <b>Monday</b>:

 ‚è∞ 08:15 - 09:45
–õ–µ–∫—Ü–∏—è:
<b>–û—Ä–≥–∞–Ω–∏–∑–∞—Ü–∏–æ–Ω–Ω–æ–µ —Å–æ–ø—Ä–æ–≤–æ–∂–¥–µ–Ω–∏–µ —Å—Ç–∞—Ä—Ç–∞–ø–∞</b>
–î–µ–≥—Ç—è—Ä—ë–≤–∞ –í.–í.
–õ–ö - 538 

‚è∞ 09:55 - 11:25
–ü—Ä–∞–∫—Ç–∏–∫–∞:
<b>–û—Ä–≥–∞–Ω–∏–∑–∞—Ü–∏–æ–Ω–Ω–æ–µ —Å–æ–ø—Ä–æ–≤–æ–∂–¥–µ–Ω–∏–µ —Å—Ç–∞—Ä—Ç–∞–ø–∞</b>
–î–µ–≥—Ç—è—Ä—ë–≤–∞ –í.–í.
–õ–ö - 538 

‚è∞ 11:35 - 13:05
–õ–µ–∫—Ü–∏—è:
<b>–†–∞–∑—Ä–∞–±–æ—Ç–∫–∞ –±–∏–∑–Ω–µ—Å-–ø–ª–∞–Ω–∞ –∏–Ω–Ω–æ–≤–∞—Ü–∏–æ–Ω–Ω–æ–≥–æ –ø—Ä–æ–µ–∫—Ç–∞</b>
–î–∑—é—Ä–¥–∑—è –û.–ê.
–õ–ö - 407

üõë <b>Tuesday</b>:

 ‚è∞ 08:15 - 15:15
–ü—Ä–∞–∫—Ç–∏–∫–∞:
<b>–ü—Ä–æ–µ–∫—Ç–Ω–æ–µ –æ–±—É—á–µ–Ω–∏–µ</b>

üõë <b>Wednesday</b>:

 ‚è∞ 09:55 - 11:25
–õ–µ–∫—Ü–∏—è:
<b>–£–ø—Ä–∞–≤–ª–µ–Ω–∏–µ —Ä–∞–∑–≤–∏—Ç–∏–µ–º –∏–Ω–Ω–æ–≤–∞—Ü–∏–æ–Ω–Ω–æ–≥–æ –ø—Ä–æ–¥—É–∫—Ç–∞</b>
–î–µ–≥—Ç—è—Ä—ë–≤–∞ –í.–í.
–õ–ö - 402 

‚è∞ 11:35 - 13:05
–ü—Ä–∞–∫—Ç–∏–∫–∞:
<b>–£–ø—Ä–∞–≤–ª–µ–Ω–∏–µ —Ä–∞–∑–≤–∏—Ç–∏–µ–º –∏–Ω–Ω–æ–≤–∞—Ü–∏–æ–Ω–Ω–æ–≥–æ –ø—Ä–æ–¥—É–∫—Ç–∞</b>
–î–µ–≥—Ç—è—Ä—ë–≤–∞ –í.–í.
–õ–ö - 402 

‚è∞ 13:45 - 15:15
–ü—Ä–∞–∫—Ç–∏–∫–∞:
<b>–£–ø—Ä–∞–≤–ª–µ–Ω–∏–µ —Ä–∞–∑–≤–∏—Ç–∏–µ–º –∏–Ω–Ω–æ–≤–∞—Ü–∏–æ–Ω–Ω–æ–≥–æ –ø—Ä–æ–¥—É–∫—Ç–∞</b>
–î–µ–≥—Ç—è—Ä—ë–≤–∞ –í.–í.
–õ–ö - 402

üõë <b>Thursday</b>:

 ‚è∞ 08:15 - 09:45
–õ–µ–∫—Ü–∏—è:
<b>–ü—Ä–æ–µ–∫—Ç–∏—Ä–æ–≤–∞–Ω–∏–µ –∏–Ω–≤–µ—Å—Ç–∏—Ü–∏–æ–Ω–Ω–æ–≥–æ –º–µ–º–æ—Ä–∞–Ω–¥—É–º–∞</b>
–ë–∏–≥–∞—á–µ–≤–∞ –ï.–ù.
–õ–ö - 407 

‚è∞ 09:55 - 11:25
–ü—Ä–∞–∫—Ç–∏–∫–∞:
<b>–ü—Ä–æ–µ–∫—Ç–∏—Ä–æ–≤–∞–Ω–∏–µ –∏–Ω–≤–µ—Å—Ç–∏—Ü–∏–æ–Ω–Ω–æ–≥–æ –º–µ–º–æ—Ä–∞–Ω–¥—É–º–∞</b>
–ë–∏–≥–∞—á–µ–≤–∞ –ï.–ù.
–õ–ö - 407 

‚è∞ 11:35 - 13:05
–ü—Ä–∞–∫—Ç–∏–∫–∞:
<b>–†–∞–∑—Ä–∞–±–æ—Ç–∫–∞ –±–∏–∑–Ω–µ—Å-–ø–ª–∞–Ω–∞ –∏–Ω–Ω–æ–≤–∞—Ü–∏–æ–Ω–Ω–æ–≥–æ –ø—Ä–æ–µ–∫—Ç–∞</b>
–î–∑—é—Ä–¥–∑—è –û.–ê.
–õ–ö-402 

‚è∞ 13:45 - 15:15
–ü—Ä–∞–∫—Ç–∏–∫–∞:
<b>–†–∞–∑—Ä–∞–±–æ—Ç–∫–∞ –±–∏–∑–Ω–µ—Å-–ø–ª–∞–Ω–∞ –∏–Ω–Ω–æ–≤–∞—Ü–∏–æ–Ω–Ω–æ–≥–æ –ø—Ä–æ–µ–∫—Ç–∞</b>
–î–∑—é—Ä–¥–∑—è –û.–ê.
–õ–ö-402

üõë <b>Friday</b>:

 ‚è∞ 08:15 - 09:45
–õ–µ–∫—Ü–∏—è:
<b>–£–ø—Ä–∞–≤–ª–µ–Ω–∏–µ —Ä–∏—Å–∫–∞–º–∏ –∏–Ω–Ω–æ–≤–∞—Ü–∏–æ–Ω–Ω–æ–π –¥–µ—è—Ç–µ–ª—å–Ω–æ—Å—Ç–∏</b>
–°–µ—Ä–≥–µ–µ–≤–∞ –ö.–ù.
–õ–ö - 507 

‚è∞ 09:55 - 11:25
–ü—Ä–∞–∫—Ç–∏–∫–∞:
<b>–£–ø—Ä–∞–≤–ª–µ–Ω–∏–µ —Ä–∏—Å–∫–∞–º–∏ –∏–Ω–Ω–æ–≤–∞—Ü–∏–æ–Ω–Ω–æ–π –¥–µ—è—Ç–µ–ª—å–Ω–æ—Å—Ç–∏</b>
–°–µ—Ä–≥–µ–µ–≤–∞ –ö.–ù.
–õ–ö - 507
"
`;

exports[`Full schedule > The function should return the complete schedule for the week 5`] = `
"
üõë <b>Monday</b>:

 ‚è∞ 08:15 - 09:45
–õ–µ–∫—Ü–∏—è:
<b>–û—Ä–≥–∞–Ω–∏–∑–∞—Ü–∏–æ–Ω–Ω–æ–µ —Å–æ–ø—Ä–æ–≤–æ–∂–¥–µ–Ω–∏–µ —Å—Ç–∞—Ä—Ç–∞–ø–∞</b>
–î–µ–≥—Ç—è—Ä—ë–≤–∞ –í.–í.
–õ–ö - 538 

‚è∞ 09:55 - 11:25
–ü—Ä–∞–∫—Ç–∏–∫–∞:
<b>–û—Ä–≥–∞–Ω–∏–∑–∞—Ü–∏–æ–Ω–Ω–æ–µ —Å–æ–ø—Ä–æ–≤–æ–∂–¥–µ–Ω–∏–µ —Å—Ç–∞—Ä—Ç–∞–ø–∞</b>
–î–µ–≥—Ç—è—Ä—ë–≤–∞ –í.–í.
–õ–ö - 538 

‚è∞ 11:35 - 13:05
–õ–µ–∫—Ü–∏—è:
<b>–†–∞–∑—Ä–∞–±–æ—Ç–∫–∞ –±–∏–∑–Ω–µ—Å-–ø–ª–∞–Ω–∞ –∏–Ω–Ω–æ–≤–∞—Ü–∏–æ–Ω–Ω–æ–≥–æ –ø—Ä–æ–µ–∫—Ç–∞</b>
–î–∑—é—Ä–¥–∑—è –û.–ê.
–õ–ö - 407 

‚è∞ 13:45 - 15:15
–ü—Ä–∞–∫—Ç–∏–∫–∞:
<b>–†–∞–∑—Ä–∞–±–æ—Ç–∫–∞ –±–∏–∑–Ω–µ—Å-–ø–ª–∞–Ω–∞ –∏–Ω–Ω–æ–≤–∞—Ü–∏–æ–Ω–Ω–æ–≥–æ –ø—Ä–æ–µ–∫—Ç–∞</b>
–î–∑—é—Ä–¥–∑—è –û.–ê.
–õ–ö - 408

üõë <b>Tuesday</b>:

 ‚è∞ 08:15 - 15:15
–ü—Ä–∞–∫—Ç–∏–∫–∞:
<b>–ü—Ä–æ–µ–∫—Ç–Ω–æ–µ –æ–±—É—á–µ–Ω–∏–µ</b>

üõë <b>Wednesday</b>:

 ‚è∞ 09:55 - 11:25
–õ–µ–∫—Ü–∏—è:
<b>–£–ø—Ä–∞–≤–ª–µ–Ω–∏–µ —Ä–∞–∑–≤–∏—Ç–∏–µ–º –∏–Ω–Ω–æ–≤–∞—Ü–∏–æ–Ω–Ω–æ–≥–æ –ø—Ä–æ–¥—É–∫—Ç–∞</b>
–î–µ–≥—Ç—è—Ä—ë–≤–∞ –í.–í.
–õ–ö - 402 

‚è∞ 11:35 - 13:05
–ü—Ä–∞–∫—Ç–∏–∫–∞:
<b>–£–ø—Ä–∞–≤–ª–µ–Ω–∏–µ —Ä–∞–∑–≤–∏—Ç–∏–µ–º –∏–Ω–Ω–æ–≤–∞—Ü–∏–æ–Ω–Ω–æ–≥–æ –ø—Ä–æ–¥—É–∫—Ç–∞</b>
–î–µ–≥—Ç—è—Ä—ë–≤–∞ –í.–í.
–õ–ö - 402

üõë <b>Thursday</b>:

 ‚è∞ 08:15 - 09:45
–õ–µ–∫—Ü–∏—è:
<b>–ü—Ä–æ–µ–∫—Ç–∏—Ä–æ–≤–∞–Ω–∏–µ –∏–Ω–≤–µ—Å—Ç–∏—Ü–∏–æ–Ω–Ω–æ–≥–æ –º–µ–º–æ—Ä–∞–Ω–¥—É–º–∞</b>
–ë–∏–≥–∞—á–µ–≤–∞ –ï.–ù.
–õ–ö - 407 

‚è∞ 09:55 - 11:25
–ü—Ä–∞–∫—Ç–∏–∫–∞:
<b>–ü—Ä–æ–µ–∫—Ç–∏—Ä–æ–≤–∞–Ω–∏–µ –∏–Ω–≤–µ—Å—Ç–∏—Ü–∏–æ–Ω–Ω–æ–≥–æ –º–µ–º–æ—Ä–∞–Ω–¥—É–º–∞</b>
–ë–∏–≥–∞—á–µ–≤–∞ –ï.–ù.
–õ–ö - 407 

‚è∞ 11:35 - 13:05
–ü—Ä–∞–∫—Ç–∏–∫–∞:
<b>–û—Ä–≥–∞–Ω–∏–∑–∞—Ü–∏–æ–Ω–Ω–æ–µ —Å–æ–ø—Ä–æ–≤–æ–∂–¥–µ–Ω–∏–µ —Å—Ç–∞—Ä—Ç–∞–ø–∞</b>
–î–µ–≥—Ç—è—Ä–µ–≤–∞ –í.–í
–õ–ö-411

üõë <b>Friday</b>:

 ‚è∞ 08:15 - 09:45
–õ–µ–∫—Ü–∏—è:
<b>–£–ø—Ä–∞–≤–ª–µ–Ω–∏–µ —Ä–∏—Å–∫–∞–º–∏ –∏–Ω–Ω–æ–≤–∞—Ü–∏–æ–Ω–Ω–æ–π –¥–µ—è—Ç–µ–ª—å–Ω–æ—Å—Ç–∏</b>
–°–µ—Ä–≥–µ–µ–≤–∞ –ö.–ù.
–õ–ö - 507 

‚è∞ 09:55 - 11:25
–ü—Ä–∞–∫—Ç–∏–∫–∞:
<b>–£–ø—Ä–∞–≤–ª–µ–Ω–∏–µ —Ä–∏—Å–∫–∞–º–∏ –∏–Ω–Ω–æ–≤–∞—Ü–∏–æ–Ω–Ω–æ–π –¥–µ—è—Ç–µ–ª—å–Ω–æ—Å—Ç–∏</b>
–°–µ—Ä–≥–µ–µ–≤–∞ –ö.–ù.
–õ–ö - 507
"
`;

exports[`Full schedule > The function should return the complete schedule for the week 6`] = `
"
üõë <b>Monday</b>:

 ‚è∞ 08:15 - 09:45
–õ–µ–∫—Ü–∏—è:
<b>–û—Ä–≥–∞–Ω–∏–∑–∞—Ü–∏–æ–Ω–Ω–æ–µ —Å–æ–ø—Ä–æ–≤–æ–∂–¥–µ–Ω–∏–µ —Å—Ç–∞—Ä—Ç–∞–ø–∞</b>
–î–µ–≥—Ç—è—Ä—ë–≤–∞ –í.–í.
–õ–ö - 538 

‚è∞ 09:55 - 11:25
–ü—Ä–∞–∫—Ç–∏–∫–∞:
<b>–û—Ä–≥–∞–Ω–∏–∑–∞—Ü–∏–æ–Ω–Ω–æ–µ —Å–æ–ø—Ä–æ–≤–æ–∂–¥–µ–Ω–∏–µ —Å—Ç–∞—Ä—Ç–∞–ø–∞</b>
–î–µ–≥—Ç—è—Ä—ë–≤–∞ –í.–í.
–õ–ö - 538 

‚è∞ 11:35 - 13:05
–õ–µ–∫—Ü–∏—è:
<b>–†–∞–∑—Ä–∞–±–æ—Ç–∫–∞ –±–∏–∑–Ω–µ—Å-–ø–ª–∞–Ω–∞ –∏–Ω–Ω–æ–≤–∞—Ü–∏–æ–Ω–Ω–æ–≥–æ –ø—Ä–æ–µ–∫—Ç–∞</b>
–î–∑—é—Ä–¥–∑—è –û.–ê.
–õ–ö - 407

üõë <b>Tuesday</b>:

 ‚è∞ 08:15 - 15:15
–ü—Ä–∞–∫—Ç–∏–∫–∞:
<b>–ü—Ä–æ–µ–∫—Ç–Ω–æ–µ –æ–±—É—á–µ–Ω–∏–µ</b>

üõë <b>Wednesday</b>:

 ‚è∞ 09:55 - 11:25
–õ–µ–∫—Ü–∏—è:
<b>–£–ø—Ä–∞–≤–ª–µ–Ω–∏–µ —Ä–∞–∑–≤–∏—Ç–∏–µ–º –∏–Ω–Ω–æ–≤–∞—Ü–∏–æ–Ω–Ω–æ–≥–æ –ø—Ä–æ–¥—É–∫—Ç–∞</b>
–î–µ–≥—Ç—è—Ä—ë–≤–∞ –í.–í.
–õ–ö - 402 

‚è∞ 11:35 - 13:05
–ü—Ä–∞–∫—Ç–∏–∫–∞:
<b>–£–ø—Ä–∞–≤–ª–µ–Ω–∏–µ —Ä–∞–∑–≤–∏—Ç–∏–µ–º –∏–Ω–Ω–æ–≤–∞—Ü–∏–æ–Ω–Ω–æ–≥–æ –ø—Ä–æ–¥—É–∫—Ç–∞</b>
–î–µ–≥—Ç—è—Ä—ë–≤–∞ –í.–í.
–õ–ö - 402 

‚è∞ 13:45 - 15:15
–ü—Ä–∞–∫—Ç–∏–∫–∞:
<b>–£–ø—Ä–∞–≤–ª–µ–Ω–∏–µ —Ä–∞–∑–≤–∏—Ç–∏–µ–º –∏–Ω–Ω–æ–≤–∞—Ü–∏–æ–Ω–Ω–æ–≥–æ –ø—Ä–æ–¥—É–∫—Ç–∞</b>
–î–µ–≥—Ç—è—Ä—ë–≤–∞ –í.–í.
–õ–ö - 402

üõë <b>Thursday</b>:

 ‚è∞ 08:15 - 09:45
–õ–µ–∫—Ü–∏—è:
<b>–ü—Ä–æ–µ–∫—Ç–∏—Ä–æ–≤–∞–Ω–∏–µ –∏–Ω–≤–µ—Å—Ç–∏—Ü–∏–æ–Ω–Ω–æ–≥–æ –º–µ–º–æ—Ä–∞–Ω–¥—É–º–∞</b>
–ë–∏–≥–∞—á–µ–≤–∞ –ï.–ù.
–õ–ö - 407 

‚è∞ 09:55 - 11:25
–ü—Ä–∞–∫—Ç–∏–∫–∞:
<b>–ü—Ä–æ–µ–∫—Ç–∏—Ä–æ–≤–∞–Ω–∏–µ –∏–Ω–≤–µ—Å—Ç–∏—Ü–∏–æ–Ω–Ω–æ–≥–æ –º–µ–º–æ—Ä–∞–Ω–¥—É–º–∞</b>
–ë–∏–≥–∞—á–µ–≤–∞ –ï.–ù.
–õ–ö - 407 

‚è∞ 11:35 - 13:05
–ü—Ä–∞–∫—Ç–∏–∫–∞:
<b>–†–∞–∑—Ä–∞–±–æ—Ç–∫–∞ –±–∏–∑–Ω–µ—Å-–ø–ª–∞–Ω–∞ –∏–Ω–Ω–æ–≤–∞—Ü–∏–æ–Ω–Ω–æ–≥–æ –ø—Ä–æ–µ–∫—Ç–∞</b>
–î–∑—é—Ä–¥–∑—è –û.–ê.
–õ–ö-402

üõë <b>Friday</b>:

 ‚è∞ 08:15 - 09:45
–ü—Ä–∞–∫—Ç–∏–∫–∞:
<b>–£–ø—Ä–∞–≤–ª–µ–Ω–∏–µ —Ä–∏—Å–∫–∞–º–∏ –∏–Ω–Ω–æ–≤–∞—Ü–∏–æ–Ω–Ω–æ–π –¥–µ—è—Ç–µ–ª—å–Ω–æ—Å—Ç–∏</b>
–°–µ—Ä–≥–µ–µ–≤–∞ –ö.–ù.
–õ–ö - 507 

‚è∞ 09:55 - 11:25
–ü—Ä–∞–∫—Ç–∏–∫–∞:
<b>–£–ø—Ä–∞–≤–ª–µ–Ω–∏–µ —Ä–∏—Å–∫–∞–º–∏ –∏–Ω–Ω–æ–≤–∞—Ü–∏–æ–Ω–Ω–æ–π –¥–µ—è—Ç–µ–ª—å–Ω–æ—Å—Ç–∏</b>
–°–µ—Ä–≥–µ–µ–≤–∞ –ö.–ù.
–õ–ö - 507
"
`;

exports[`Full schedule > The function should return the complete schedule for the week 7`] = `
"
üõë <b>Monday</b>:

 ‚è∞ 08:15 - 09:45
–ü—Ä–∞–∫—Ç–∏–∫–∞:
<b>–û—Ä–≥–∞–Ω–∏–∑–∞—Ü–∏–æ–Ω–Ω–æ–µ —Å–æ–ø—Ä–æ–≤–æ–∂–¥–µ–Ω–∏–µ —Å—Ç–∞—Ä—Ç–∞–ø–∞</b>
–î–µ–≥—Ç—è—Ä—ë–≤–∞ –í.–í.
–õ–ö - 538 

‚è∞ 09:55 - 11:25
–ü—Ä–∞–∫—Ç–∏–∫–∞:
<b>–û—Ä–≥–∞–Ω–∏–∑–∞—Ü–∏–æ–Ω–Ω–æ–µ —Å–æ–ø—Ä–æ–≤–æ–∂–¥–µ–Ω–∏–µ —Å—Ç–∞—Ä—Ç–∞–ø–∞</b>
–î–µ–≥—Ç—è—Ä—ë–≤–∞ –í.–í.
–õ–ö - 538 

‚è∞ 11:35 - 13:05
–ü—Ä–∞–∫—Ç–∏–∫–∞:
<b>–†–∞–∑—Ä–∞–±–æ—Ç–∫–∞ –±–∏–∑–Ω–µ—Å-–ø–ª–∞–Ω–∞ –∏–Ω–Ω–æ–≤–∞—Ü–∏–æ–Ω–Ω–æ–≥–æ –ø—Ä–æ–µ–∫—Ç–∞</b>
–î–∑—é—Ä–¥–∑—è –û.–ê.
–õ–ö - 407 

‚è∞ 13:45 - 15:15
–ü—Ä–∞–∫—Ç–∏–∫–∞:
<b>–†–∞–∑—Ä–∞–±–æ—Ç–∫–∞ –±–∏–∑–Ω–µ—Å-–ø–ª–∞–Ω–∞ –∏–Ω–Ω–æ–≤–∞—Ü–∏–æ–Ω–Ω–æ–≥–æ –ø—Ä–æ–µ–∫—Ç–∞</b>
–î–∑—é—Ä–¥–∑—è –û.–ê.
–õ–ö - 408

üõë <b>Tuesday</b>:

 ‚è∞ 08:15 - 15:15
–ü—Ä–∞–∫—Ç–∏–∫–∞:
<b>–ü—Ä–æ–µ–∫—Ç–Ω–æ–µ –æ–±—É—á–µ–Ω–∏–µ</b>

üõë <b>Wednesday</b>:

 ‚è∞ 09:55 - 11:25
–ü—Ä–∞–∫—Ç–∏–∫–∞:
<b>–£–ø—Ä–∞–≤–ª–µ–Ω–∏–µ —Ä–∞–∑–≤–∏—Ç–∏–µ–º –∏–Ω–Ω–æ–≤–∞—Ü–∏–æ–Ω–Ω–æ–≥–æ –ø—Ä–æ–¥—É–∫—Ç–∞</b>
–î–µ–≥—Ç—è—Ä—ë–≤–∞ –í.–í.
–õ–ö - 402 

‚è∞ 11:35 - 13:05
–ü—Ä–∞–∫—Ç–∏–∫–∞:
<b>–£–ø—Ä–∞–≤–ª–µ–Ω–∏–µ —Ä–∞–∑–≤–∏—Ç–∏–µ–º –∏–Ω–Ω–æ–≤–∞—Ü–∏–æ–Ω–Ω–æ–≥–æ –ø—Ä–æ–¥—É–∫—Ç–∞</b>
–î–µ–≥—Ç—è—Ä—ë–≤–∞ –í.–í.
–õ–ö - 402

üõë <b>Thursday</b>:

 ‚è∞ 08:15 - 09:45
–ü—Ä–∞–∫—Ç–∏–∫–∞:
<b>–ü—Ä–æ–µ–∫—Ç–∏—Ä–æ–≤–∞–Ω–∏–µ –∏–Ω–≤–µ—Å—Ç–∏—Ü–∏–æ–Ω–Ω–æ–≥–æ –º–µ–º–æ—Ä–∞–Ω–¥—É–º–∞</b>
–ë–∏–≥–∞—á–µ–≤–∞ –ï.–ù.
–õ–ö - 407 

‚è∞ 09:55 - 11:25
–ü—Ä–∞–∫—Ç–∏–∫–∞:
<b>–ü—Ä–æ–µ–∫—Ç–∏—Ä–æ–≤–∞–Ω–∏–µ –∏–Ω–≤–µ—Å—Ç–∏—Ü–∏–æ–Ω–Ω–æ–≥–æ –º–µ–º–æ—Ä–∞–Ω–¥—É–º–∞</b>
–ë–∏–≥–∞—á–µ–≤–∞ –ï.–ù.
–õ–ö - 407 

‚è∞ 11:35 - 13:05
–ü—Ä–∞–∫—Ç–∏–∫–∞:
<b>–ü—Ä–æ–µ–∫—Ç–∏—Ä–æ–≤–∞–Ω–∏–µ –∏–Ω–≤–µ—Å—Ç–∏—Ü–∏–æ–Ω–Ω–æ–≥–æ –º–µ–º–æ—Ä–∞–Ω–¥—É–º–∞</b>
–ë–∏–≥–∞—á–µ–≤–∞ –ï.–ù.
–õ–ö-407 

‚è∞ 13:45 - 15:15
–ü—Ä–∞–∫—Ç–∏–∫–∞:
<b>–ü—Ä–æ–µ–∫—Ç–∏—Ä–æ–≤–∞–Ω–∏–µ –∏–Ω–≤–µ—Å—Ç–∏—Ü–∏–æ–Ω–Ω–æ–≥–æ –º–µ–º–æ—Ä–∞–Ω–¥—É–º–∞</b>
–ë–∏–≥–∞—á–µ–≤–∞ –ï.–ù.
–õ–ö-407

üõë <b>Friday</b>:

 ‚è∞ 08:15 - 09:45
–ü—Ä–∞–∫—Ç–∏–∫–∞:
<b>–£–ø—Ä–∞–≤–ª–µ–Ω–∏–µ —Ä–∏—Å–∫–∞–º–∏ –∏–Ω–Ω–æ–≤–∞—Ü–∏–æ–Ω–Ω–æ–π –¥–µ—è—Ç–µ–ª—å–Ω–æ—Å—Ç–∏</b>
–°–µ—Ä–≥–µ–µ–≤–∞ –ö.–ù.
–õ–ö - 507 

‚è∞ 09:55 - 11:25
–ü—Ä–∞–∫—Ç–∏–∫–∞:
<b>–£–ø—Ä–∞–≤–ª–µ–Ω–∏–µ —Ä–∏—Å–∫–∞–º–∏ –∏–Ω–Ω–æ–≤–∞—Ü–∏–æ–Ω–Ω–æ–π –¥–µ—è—Ç–µ–ª—å–Ω–æ—Å—Ç–∏</b>
–°–µ—Ä–≥–µ–µ–≤–∞ –ö.–ù.
–õ–ö - 507
"
`;

exports[`Full schedule > The function should return the complete schedule for the week 8`] = `
"
üõë <b>Monday</b>:

 ‚è∞ 08:15 - 09:45
–ü—Ä–∞–∫—Ç–∏–∫–∞:
<b>–û—Ä–≥–∞–Ω–∏–∑–∞—Ü–∏–æ–Ω–Ω–æ–µ —Å–æ–ø—Ä–æ–≤–æ–∂–¥–µ–Ω–∏–µ —Å—Ç–∞—Ä—Ç–∞–ø–∞</b>
–î–µ–≥—Ç—è—Ä—ë–≤–∞ –í.–í.
–õ–ö - 538 

‚è∞ 09:55 - 11:25
–ü—Ä–∞–∫—Ç–∏–∫–∞:
<b>–û—Ä–≥–∞–Ω–∏–∑–∞—Ü–∏–æ–Ω–Ω–æ–µ —Å–æ–ø—Ä–æ–≤–æ–∂–¥–µ–Ω–∏–µ —Å—Ç–∞—Ä—Ç–∞–ø–∞</b>
–î–µ–≥—Ç—è—Ä—ë–≤–∞ –í.–í.
–õ–ö - 538 

‚è∞ 11:35 - 13:05
–ü—Ä–∞–∫—Ç–∏–∫–∞:
<b>–†–∞–∑—Ä–∞–±–æ—Ç–∫–∞ –±–∏–∑–Ω–µ—Å-–ø–ª–∞–Ω–∞ –∏–Ω–Ω–æ–≤–∞—Ü–∏–æ–Ω–Ω–æ–≥–æ –ø—Ä–æ–µ–∫—Ç–∞</b>
–î–∑—é—Ä–¥–∑—è –û.–ê.
–õ–ö - 407

üõë <b>Tuesday</b>:

 ‚è∞ 08:15 - 15:15
–ü—Ä–∞–∫—Ç–∏–∫–∞:
<b>–ü—Ä–æ–µ–∫—Ç–Ω–æ–µ –æ–±—É—á–µ–Ω–∏–µ</b>

üõë <b>Wednesday</b>:

 ‚è∞ 09:55 - 11:25
–ü—Ä–∞–∫—Ç–∏–∫–∞:
<b>–£–ø—Ä–∞–≤–ª–µ–Ω–∏–µ —Ä–∞–∑–≤–∏—Ç–∏–µ–º –∏–Ω–Ω–æ–≤–∞—Ü–∏–æ–Ω–Ω–æ–≥–æ –ø—Ä–æ–¥—É–∫—Ç–∞</b>
–î–µ–≥—Ç—è—Ä—ë–≤–∞ –í.–í.
–õ–ö - 402 

‚è∞ 11:35 - 13:05
–ü—Ä–∞–∫—Ç–∏–∫–∞:
<b>–£–ø—Ä–∞–≤–ª–µ–Ω–∏–µ —Ä–∞–∑–≤–∏—Ç–∏–µ–º –∏–Ω–Ω–æ–≤–∞—Ü–∏–æ–Ω–Ω–æ–≥–æ –ø—Ä–æ–¥—É–∫—Ç–∞</b>
–î–µ–≥—Ç—è—Ä—ë–≤–∞ –í.–í.
–õ–ö - 402

üõë <b>Thursday</b>:

 ‚è∞ 08:15 - 09:45
–ü—Ä–∞–∫—Ç–∏–∫–∞:
<b>–ü—Ä–æ–µ–∫—Ç–∏—Ä–æ–≤–∞–Ω–∏–µ –∏–Ω–≤–µ—Å—Ç–∏—Ü–∏–æ–Ω–Ω–æ–≥–æ –º–µ–º–æ—Ä–∞–Ω–¥—É–º–∞</b>
–ë–∏–≥–∞—á–µ–≤–∞ –ï.–ù.
–õ–ö - 407 

‚è∞ 09:55 - 11:25
–ü—Ä–∞–∫—Ç–∏–∫–∞:
<b>–ü—Ä–æ–µ–∫—Ç–∏—Ä–æ–≤–∞–Ω–∏–µ –∏–Ω–≤–µ—Å—Ç–∏—Ü–∏–æ–Ω–Ω–æ–≥–æ –º–µ–º–æ—Ä–∞–Ω–¥—É–º–∞</b>
–ë–∏–≥–∞—á–µ–≤–∞ –ï.–ù.
–õ–ö - 407 

‚è∞ 11:35 - 13:05
–ü—Ä–∞–∫—Ç–∏–∫–∞:
<b>–†–∞–∑—Ä–∞–±–æ—Ç–∫–∞ –±–∏–∑–Ω–µ—Å-–ø–ª–∞–Ω–∞ –∏–Ω–Ω–æ–≤–∞—Ü–∏–æ–Ω–Ω–æ–≥–æ –ø—Ä–æ–µ–∫—Ç–∞</b>
–î–∑—é—Ä–¥–∑—è –û.–ê.
–õ–ö-402

üõë <b>Friday</b>:

 <b>üéâ –ó–∞–Ω—è—Ç–∏–π –Ω–µ—Ç, –º–æ–∂–Ω–æ –æ—Ç–¥—ã—Ö–∞—Ç—å.</b>
"
`;

exports[`Full schedule > The function should return the complete schedule for the week 9`] = `
"
üõë <b>Monday</b>:

 <b>üéâ –ó–∞–Ω—è—Ç–∏–π –Ω–µ—Ç, –º–æ–∂–Ω–æ –æ—Ç–¥—ã—Ö–∞—Ç—å.</b>

üõë <b>Tuesday</b>:

 <b>üéâ –ó–∞–Ω—è—Ç–∏–π –Ω–µ—Ç, –º–æ–∂–Ω–æ –æ—Ç–¥—ã—Ö–∞—Ç—å.</b>

üõë <b>Wednesday</b>:

 <b>üéâ –ó–∞–Ω—è—Ç–∏–π –Ω–µ—Ç, –º–æ–∂–Ω–æ –æ—Ç–¥—ã—Ö–∞—Ç—å.</b>

üõë <b>Thursday</b>:

 ‚è∞ 11:35 - 13:05
–ü—Ä–∞–∫—Ç–∏–∫–∞:
<b>–ü—Ä–æ–µ–∫—Ç–∏—Ä–æ–≤–∞–Ω–∏–µ –∏–Ω–≤–µ—Å—Ç–∏—Ü–∏–æ–Ω–Ω–æ–≥–æ –º–µ–º–æ—Ä–∞–Ω–¥—É–º–∞</b>
–ë–∏–≥–∞—á–µ–≤–∞ –ï.–ù.
–õ–ö-407

üõë <b>Friday</b>:

 <b>üéâ –ó–∞–Ω—è—Ç–∏–π –Ω–µ—Ç, –º–æ–∂–Ω–æ –æ—Ç–¥—ã—Ö–∞—Ç—å.</b>
"
`;

exports[`Full schedule > The function should return the complete schedule for the week 10`] = `
"
üõë <b>Monday</b>:

 <b>üéâ –ó–∞–Ω—è—Ç–∏–π –Ω–µ—Ç, –º–æ–∂–Ω–æ –æ—Ç–¥—ã—Ö–∞—Ç—å.</b>

üõë <b>Tuesday</b>:

 <b>üéâ –ó–∞–Ω—è—Ç–∏–π –Ω–µ—Ç, –º–æ–∂–Ω–æ –æ—Ç–¥—ã—Ö–∞—Ç—å.</b>

üõë <b>Wednesday</b>:

 <b>üéâ –ó–∞–Ω—è—Ç–∏–π –Ω–µ—Ç, –º–æ–∂–Ω–æ –æ—Ç–¥—ã—Ö–∞—Ç—å.</b>

üõë <b>Thursday</b>:

 <b>üéâ –ó–∞–Ω—è—Ç–∏–π –Ω–µ—Ç, –º–æ–∂–Ω–æ –æ—Ç–¥—ã—Ö–∞—Ç—å.</b>

üõë <b>Friday</b>:

 <b>üéâ –ó–∞–Ω—è—Ç–∏–π –Ω–µ—Ç, –º–æ–∂–Ω–æ –æ—Ç–¥—ã—Ö–∞—Ç—å.</b>
"
`;
